// Vitest Snapshot v1, https://vitest.dev/guide/snapshot.html

exports[`should render the chat bubble 1`] = `
"<div class="flex-1 overflow-y-auto p-4">
  <div class="flex flex-col space-y-2">
    <!-- Example Message -->
    <div class="flex justify-end">
      <div class="bg-blue-200 text-black p-2 rounded-lg max-w-xs">Hello</div>
    </div><!-- Example Message -->
    <!-- Example Received Message -->
    <div class="flex">
      <div class="bg-gray-300 text-black p-2 rounded-lg max-w-xs"><span class="capitalize">Hi</span><img src="https://via.placeholder.com/150" alt="Image" class="w-52 h-52 rounded-md object-cover"></div>
    </div>
  </div>
</div>"
`;
